2019-03-15 17:01:59,163|INFO|7685|0
2019-03-15 17:01:59,269|INFO|7685|Saving schedule. (0)
2019-03-15 17:02:00,149|INFO|7685|Working 0
2019-03-15 17:02:00,207|INFO|7685|Working 1
2019-03-15 17:02:00,312|INFO|7685|Working 2
2019-03-15 17:02:00,378|INFO|7685|Working 3
2019-03-15 17:02:00,446|INFO|7685|Working 4
2019-03-15 17:02:00,545|INFO|7685|Working 5
2019-03-15 17:02:00,650|INFO|7685|Working 6
2019-03-15 17:02:00,714|INFO|7685|Working 7
2019-03-15 17:02:00,826|INFO|7685|Working 8
2019-03-15 17:02:00,942|INFO|7685|Working 9
2019-03-15 17:02:13,112|INFO|7685|St base: 45046.00, St addl: 2251.07, S conflict: 0.00, T conflict: 0.00, Per spread: -11200.00, Sec penalty: 0.00
2019-03-15 17:02:13,113|INFO|7685|45046
2019-03-15 17:02:13,113|INFO|7685|36097.06884193142
2019-03-15 17:02:13,268|INFO|7685|Done 8; score:
2019-03-15 17:02:13,268|INFO|7685|36097.06884193142
2019-03-15 17:02:13,409|INFO|7685|Working 10
2019-03-15 17:02:13,411|INFO|7685|St base: 44296.00, St addl: 2195.30, S conflict: 0.00, T conflict: 0.00, Per spread: -10490.00, Sec penalty: 0.00
2019-03-15 17:02:13,412|INFO|7685|44296
2019-03-15 17:02:13,412|INFO|7685|36001.2956014611
2019-03-15 17:02:13,443|INFO|7685|St base: 44522.00, St addl: 2258.18, S conflict: 0.00, T conflict: 0.00, Per spread: -10670.00, Sec penalty: 0.00
2019-03-15 17:02:13,443|INFO|7685|44522
2019-03-15 17:02:13,443|INFO|7685|36110.17585897506
2019-03-15 17:02:13,573|INFO|7685|Done 7; score:
2019-03-15 17:02:13,573|INFO|7685|36001.2956014611
2019-03-15 17:02:13,575|INFO|7685|St base: 45440.00, St addl: 2240.85, S conflict: 0.00, T conflict: 0.00, Per spread: -10760.00, Sec penalty: 0.00
2019-03-15 17:02:13,575|INFO|7685|45440
2019-03-15 17:02:13,576|INFO|7685|36920.850079937256
2019-03-15 17:02:13,598|INFO|7685|St base: 45294.00, St addl: 2238.92, S conflict: 0.00, T conflict: 0.00, Per spread: -10330.00, Sec penalty: 0.00
2019-03-15 17:02:13,598|INFO|7685|45294
2019-03-15 17:02:13,598|INFO|7685|37202.921734808035
2019-03-15 17:02:13,601|INFO|7685|Done 1; score:
2019-03-15 17:02:13,601|INFO|7685|36110.17585897506
2019-03-15 17:02:13,743|INFO|7685|Working 11
2019-03-15 17:02:13,769|INFO|7685|Done 5; score:
2019-03-15 17:02:13,769|INFO|7685|36920.850079937256
2019-03-15 17:02:13,793|INFO|7685|Done 0; score:
2019-03-15 17:02:13,793|INFO|7685|37202.921734808035
2019-03-15 17:02:13,831|INFO|7685|Working 12
2019-03-15 17:02:13,933|INFO|7685|Working 13
2019-03-15 17:02:14,005|INFO|7685|St base: 45157.00, St addl: 2237.12, S conflict: 0.00, T conflict: 0.00, Per spread: -9890.00, Sec penalty: 0.00
2019-03-15 17:02:14,006|INFO|7685|45157
2019-03-15 17:02:14,006|INFO|7685|37504.11881435902
2019-03-15 17:02:14,039|INFO|7685|Working 14
2019-03-15 17:02:14,154|INFO|7685|Done 2; score:
2019-03-15 17:02:14,154|INFO|7685|37504.11881435902
2019-03-15 17:02:14,182|INFO|7685|St base: 44539.00, St addl: 2162.70, S conflict: 0.00, T conflict: 0.00, Per spread: -10450.00, Sec penalty: 0.00
2019-03-15 17:02:14,182|INFO|7685|44539
2019-03-15 17:02:14,183|INFO|7685|36251.69866418576
2019-03-15 17:02:14,183|INFO|7685|St base: 45060.00, St addl: 2180.51, S conflict: 0.00, T conflict: 0.00, Per spread: -10190.00, Sec penalty: 0.00
2019-03-15 17:02:14,184|INFO|7685|45060
2019-03-15 17:02:14,184|INFO|7685|37050.51080638339
2019-03-15 17:02:14,210|INFO|7685|St base: 44304.00, St addl: 2220.42, S conflict: 0.00, T conflict: 0.00, Per spread: -10570.00, Sec penalty: 0.00
2019-03-15 17:02:14,210|INFO|7685|44304
2019-03-15 17:02:14,210|INFO|7685|35954.4242010476
2019-03-15 17:02:14,308|INFO|7685|Working 15
2019-03-15 17:02:14,331|INFO|7685|Done 4; score:
2019-03-15 17:02:14,331|INFO|7685|36251.69866418576
2019-03-15 17:02:14,334|INFO|7685|Done 3; score:
2019-03-15 17:02:14,334|INFO|7685|37050.51080638339
2019-03-15 17:02:14,362|INFO|7685|Done 6; score:
2019-03-15 17:02:14,362|INFO|7685|35954.4242010476
2019-03-15 17:02:14,491|INFO|7685|Working 16
2019-03-15 17:02:14,603|INFO|7685|Working 17
2019-03-15 17:02:14,608|INFO|7685|St base: 44690.00, St addl: 2229.25, S conflict: 0.00, T conflict: 0.00, Per spread: -10210.00, Sec penalty: 0.00
2019-03-15 17:02:14,608|INFO|7685|44690
2019-03-15 17:02:14,609|INFO|7685|36709.248931383416
2019-03-15 17:02:14,757|INFO|7685|Done 9; score:
2019-03-15 17:02:14,757|INFO|7685|36709.248931383416
2019-03-15 17:02:14,793|INFO|7685|Working 18
2019-03-15 17:02:14,915|INFO|7685|Working 19
2019-03-15 17:02:26,086|INFO|7685|St base: 44358.00, St addl: 2213.15, S conflict: 0.00, T conflict: 0.00, Per spread: -10480.00, Sec penalty: 0.00
2019-03-15 17:02:26,086|INFO|7685|44358
2019-03-15 17:02:26,086|INFO|7685|36091.15128481024
2019-03-15 17:02:26,234|INFO|7685|Done 12; score:
2019-03-15 17:02:26,234|INFO|7685|36091.15128481024
2019-03-15 17:02:26,665|INFO|7685|St base: 44778.00, St addl: 2214.97, S conflict: 0.00, T conflict: 0.00, Per spread: -10620.00, Sec penalty: 0.00
2019-03-15 17:02:26,665|INFO|7685|44778
2019-03-15 17:02:26,665|INFO|7685|36372.96993322121
2019-03-15 17:02:26,804|INFO|7685|Done 10; score:
2019-03-15 17:02:26,804|INFO|7685|36372.96993322121
2019-03-15 17:02:26,927|INFO|7685|St base: 44632.00, St addl: 2227.19, S conflict: 0.00, T conflict: 0.00, Per spread: -10490.00, Sec penalty: 0.00
2019-03-15 17:02:26,927|INFO|7685|44632
2019-03-15 17:02:26,928|INFO|7685|36369.18626833923
2019-03-15 17:02:27,073|INFO|7685|Done 13; score:
2019-03-15 17:02:27,073|INFO|7685|36369.18626833923
2019-03-15 17:02:27,152|INFO|7685|St base: 44784.00, St addl: 2175.75, S conflict: 0.00, T conflict: 0.00, Per spread: -10570.00, Sec penalty: 0.00
2019-03-15 17:02:27,153|INFO|7685|44784
2019-03-15 17:02:27,153|INFO|7685|36389.74891030731
2019-03-15 17:02:27,270|INFO|7685|St base: 44690.00, St addl: 2178.01, S conflict: 0.00, T conflict: 0.00, Per spread: -10640.00, Sec penalty: 0.00
2019-03-15 17:02:27,270|INFO|7685|44690
2019-03-15 17:02:27,270|INFO|7685|36228.01167299071
2019-03-15 17:02:27,303|INFO|7685|Done 11; score:
2019-03-15 17:02:27,304|INFO|7685|36389.74891030731
2019-03-15 17:02:27,410|INFO|7685|Done 19; score:
2019-03-15 17:02:27,410|INFO|7685|36228.01167299071
2019-03-15 17:02:27,489|INFO|7685|St base: 44614.00, St addl: 2258.41, S conflict: 0.00, T conflict: 0.00, Per spread: -10670.00, Sec penalty: 0.00
2019-03-15 17:02:27,490|INFO|7685|44614
2019-03-15 17:02:27,490|INFO|7685|36202.41211569875
2019-03-15 17:02:27,640|INFO|7685|Done 18; score:
2019-03-15 17:02:27,640|INFO|7685|36202.41211569875
2019-03-15 17:02:27,859|INFO|7685|St base: 45022.00, St addl: 2199.96, S conflict: 0.00, T conflict: 0.00, Per spread: -10220.00, Sec penalty: 0.00
2019-03-15 17:02:27,859|INFO|7685|45022
2019-03-15 17:02:27,859|INFO|7685|37001.95954241586
2019-03-15 17:02:27,993|INFO|7685|Done 15; score:
2019-03-15 17:02:27,993|INFO|7685|37001.95954241586
2019-03-15 17:02:28,111|INFO|7685|St base: 44998.00, St addl: 2198.28, S conflict: 0.00, T conflict: 0.00, Per spread: -10320.00, Sec penalty: 0.00
2019-03-15 17:02:28,111|INFO|7685|44998
2019-03-15 17:02:28,112|INFO|7685|36876.2791219208
2019-03-15 17:02:28,249|INFO|7685|Done 17; score:
2019-03-15 17:02:28,249|INFO|7685|36876.2791219208
2019-03-15 17:02:28,577|INFO|7685|St base: 45038.00, St addl: 2231.78, S conflict: 0.00, T conflict: 0.00, Per spread: -10550.00, Sec penalty: 0.00
2019-03-15 17:02:28,577|INFO|7685|45038
2019-03-15 17:02:28,577|INFO|7685|36719.77757454089
2019-03-15 17:02:28,721|INFO|7685|Done 16; score:
2019-03-15 17:02:28,721|INFO|7685|36719.77757454089
2019-03-15 17:02:28,837|INFO|7685|Teacher MKochman has unresolveable conflicts. Exiting operation.
2019-03-15 17:02:28,892|ERROR|7685|multiprocessing.pool
2019-03-15 17:02:28,892|ERROR|7685|.
2019-03-15 17:02:28,893|ERROR|7685|RemoteTraceback
2019-03-15 17:02:28,893|ERROR|7685|:
2019-03-15 17:02:28,893|ERROR|7685|"""
Traceback (most recent call last):
  File "/usr/lib/python3.5/multiprocessing/pool.py", line 119, in worker
    result = (True, func(*args, **kwds))
  File "/usr/lib/python3.5/multiprocessing/pool.py", line 44, in mapstar
    return list(map(*args))
  File "/web/projects/schedule/back_end/genetic_algorithm.py", line 713, in multi_improve_sched
    sched.remove_teacher_conflicts()
  File "/web/projects/schedule/back_end/genetic_algorithm.py", line 421, in remove_teacher_conflicts
    raise ValueError
ValueError
"""
2019-03-15 17:02:28,893|ERROR|7685|The above exception was the direct cause of the following exception:
2019-03-15 17:02:28,893|ERROR|7685|Traceback (most recent call last):
2019-03-15 17:02:28,893|ERROR|7685|File "back_end/run_schedule.py", line 73, in <module>
2019-03-15 17:02:28,894|ERROR|7685|main()
2019-03-15 17:02:28,894|ERROR|7685|File "back_end/run_schedule.py", line 69, in main
2019-03-15 17:02:28,894|ERROR|7685|run_scheduler(save=None)#"2019_02_25__19_27_42")#"2019_02_22__18_12_46")#"2019_01_16__20_53_43")
2019-03-15 17:02:28,894|ERROR|7685|File "back_end/run_schedule.py", line 65, in run_scheduler
2019-03-15 17:02:28,894|ERROR|7685|solver.solve(verbose=0, print_every=1)
2019-03-15 17:02:28,895|ERROR|7685|File "/web/projects/schedule/back_end/genetic_algorithm.py", line 756, in solve
2019-03-15 17:02:28,895|ERROR|7685|self.current_sched=self.improve_sched(10,5,20,self.current_sched)
2019-03-15 17:02:28,896|ERROR|7685|File "/web/projects/schedule/back_end/genetic_algorithm.py", line 786, in improve_sched
2019-03-15 17:02:28,896|ERROR|7685|sched_info = self.pool.map(multi_improve_sched, starting_scheds)
2019-03-15 17:02:28,896|ERROR|7685|File "/usr/lib/python3.5/multiprocessing/pool.py", line 260, in map
2019-03-15 17:02:28,896|ERROR|7685|return self._map_async(func, iterable, mapstar, chunksize).get()
2019-03-15 17:02:28,897|ERROR|7685|File "/usr/lib/python3.5/multiprocessing/pool.py", line 608, in get
2019-03-15 17:02:28,897|ERROR|7685|raise self._value
2019-03-15 17:02:28,897|ERROR|7685|ValueError
