2019-03-15 18:05:43,847|INFO|28481|0
2019-03-15 18:05:43,945|INFO|28481|Saving schedule. (0)
2019-03-15 18:05:46,798|INFO|28481|Working 0
2019-03-15 18:05:46,867|INFO|28481|Working 1
2019-03-15 18:05:46,934|INFO|28481|Working 2
2019-03-15 18:05:47,071|INFO|28481|Working 3
2019-03-15 18:05:47,099|INFO|28481|Working 4
2019-03-15 18:05:47,189|INFO|28481|Working 5
2019-03-15 18:05:47,337|INFO|28481|Working 6
2019-03-15 18:05:47,357|INFO|28481|Working 7
2019-03-15 18:05:47,428|INFO|28481|Working 8
2019-03-15 18:05:47,599|INFO|28481|Working 10
2019-03-15 18:05:47,628|INFO|28481|Working 9
2019-03-15 18:05:47,751|INFO|28481|Working 11
2019-03-15 18:05:59,979|INFO|28481|St base: 45152.00, St addl: 2265.33, S conflict: 0.00, T conflict: 0.00, Per spread: -10930.00, Sec penalty: 0.00
2019-03-15 18:05:59,979|INFO|28481|45152
2019-03-15 18:05:59,979|INFO|28481|36487.32769167065
2019-03-15 18:06:00,136|INFO|28481|Done 4; score:
2019-03-15 18:06:00,136|INFO|28481|36487.32769167065
2019-03-15 18:06:00,333|INFO|28481|Working 12
2019-03-15 18:06:00,533|INFO|28481|St base: 44936.00, St addl: 2151.04, S conflict: 0.00, T conflict: 0.00, Per spread: -10300.00, Sec penalty: 0.00
2019-03-15 18:06:00,534|INFO|28481|44936
2019-03-15 18:06:00,534|INFO|28481|36787.035440307154
2019-03-15 18:06:00,615|INFO|28481|St base: 45038.00, St addl: 2225.69, S conflict: 0.00, T conflict: 0.00, Per spread: -11320.00, Sec penalty: 0.00
2019-03-15 18:06:00,615|INFO|28481|45038
2019-03-15 18:06:00,616|INFO|28481|35943.69030237491
2019-03-15 18:06:00,692|INFO|28481|Done 1; score:
2019-03-15 18:06:00,693|INFO|28481|36787.035440307154
2019-03-15 18:06:00,766|INFO|28481|Done 2; score:
2019-03-15 18:06:00,766|INFO|28481|35943.69030237491
2019-03-15 18:06:00,791|INFO|28481|St base: 44876.00, St addl: 2229.22, S conflict: 0.00, T conflict: 0.00, Per spread: -10120.00, Sec penalty: 0.00
2019-03-15 18:06:00,792|INFO|28481|44876
2019-03-15 18:06:00,792|INFO|28481|36985.21897469436
2019-03-15 18:06:00,882|INFO|28481|Working 13
2019-03-15 18:06:00,945|INFO|28481|Done 0; score:
2019-03-15 18:06:00,945|INFO|28481|36985.21897469436
2019-03-15 18:06:00,949|INFO|28481|Working 14
2019-03-15 18:06:01,090|INFO|28481|St base: 44490.00, St addl: 2221.44, S conflict: 0.00, T conflict: 0.00, Per spread: -10590.00, Sec penalty: 0.00
2019-03-15 18:06:01,091|INFO|28481|44490
2019-03-15 18:06:01,091|INFO|28481|36121.435771598495
2019-03-15 18:06:01,125|INFO|28481|Working 15
2019-03-15 18:06:01,266|INFO|28481|Done 9; score:
2019-03-15 18:06:01,266|INFO|28481|36121.435771598495
2019-03-15 18:06:01,370|INFO|28481|St base: 44682.00, St addl: 2243.78, S conflict: 0.00, T conflict: 0.00, Per spread: -10510.00, Sec penalty: 0.00
2019-03-15 18:06:01,371|INFO|28481|44682
2019-03-15 18:06:01,371|INFO|28481|36415.78209139143
2019-03-15 18:06:01,462|INFO|28481|St base: 44144.00, St addl: 2185.74, S conflict: 0.00, T conflict: 0.00, Per spread: -11150.00, Sec penalty: 0.00
2019-03-15 18:06:01,463|INFO|28481|44144
2019-03-15 18:06:01,463|INFO|28481|35179.74273570536
2019-03-15 18:06:01,470|INFO|28481|Working 16
2019-03-15 18:06:01,541|INFO|28481|Done 11; score:
2019-03-15 18:06:01,541|INFO|28481|36415.78209139143
2019-03-15 18:06:01,609|INFO|28481|Done 10; score:
2019-03-15 18:06:01,609|INFO|28481|35179.74273570536
2019-03-15 18:06:01,749|INFO|28481|Working 17
2019-03-15 18:06:01,868|INFO|28481|Working 18
2019-03-15 18:06:01,904|INFO|28481|St base: 45014.00, St addl: 2245.10, S conflict: 0.00, T conflict: 0.00, Per spread: -10820.00, Sec penalty: 0.00
2019-03-15 18:06:01,905|INFO|28481|45014
2019-03-15 18:06:01,905|INFO|28481|36439.098268275135
2019-03-15 18:06:02,190|INFO|28481|St base: 44654.00, St addl: 2143.59, S conflict: 0.00, T conflict: 0.00, Per spread: -10350.00, Sec penalty: 0.00
2019-03-15 18:06:02,191|INFO|28481|44654
2019-03-15 18:06:02,191|INFO|28481|36447.590334260414
2019-03-15 18:06:02,198|INFO|28481|Done 5; score:
2019-03-15 18:06:02,198|INFO|28481|36439.098268275135
2019-03-15 18:06:02,343|INFO|28481|Done 6; score:
2019-03-15 18:06:02,343|INFO|28481|36447.590334260414
2019-03-15 18:06:02,503|INFO|28481|Working 19
2019-03-15 18:06:02,574|INFO|28481|Working 20
2019-03-15 18:06:02,583|INFO|28481|St base: 44921.00, St addl: 2257.53, S conflict: 0.00, T conflict: 0.00, Per spread: -11110.00, Sec penalty: 0.00
2019-03-15 18:06:02,584|INFO|28481|44921
2019-03-15 18:06:02,584|INFO|28481|36068.52759675957
2019-03-15 18:06:02,731|INFO|28481|Done 7; score:
2019-03-15 18:06:02,732|INFO|28481|36068.52759675957
2019-03-15 18:06:02,801|INFO|28481|St base: 44760.00, St addl: 2239.02, S conflict: 0.00, T conflict: 0.00, Per spread: -10720.00, Sec penalty: 0.00
2019-03-15 18:06:02,802|INFO|28481|44760
2019-03-15 18:06:02,802|INFO|28481|36279.02490466548
2019-03-15 18:06:02,908|INFO|28481|Working 21
2019-03-15 18:06:02,950|INFO|28481|Done 3; score:
2019-03-15 18:06:02,950|INFO|28481|36279.02490466548
2019-03-15 18:06:03,121|INFO|28481|St base: 44428.00, St addl: 2192.28, S conflict: 0.00, T conflict: 0.00, Per spread: -10450.00, Sec penalty: 0.00
2019-03-15 18:06:03,121|INFO|28481|44428
2019-03-15 18:06:03,121|INFO|28481|36170.27988116276
2019-03-15 18:06:03,124|INFO|28481|Working 22
2019-03-15 18:06:03,266|INFO|28481|Done 8; score:
2019-03-15 18:06:03,266|INFO|28481|36170.27988116276
2019-03-15 18:06:03,439|INFO|28481|Working 23
2019-03-15 18:06:13,819|INFO|28481|St base: 45197.00, St addl: 2192.72, S conflict: 0.00, T conflict: 0.00, Per spread: -10390.00, Sec penalty: 0.00
2019-03-15 18:06:13,820|INFO|28481|45197
2019-03-15 18:06:13,820|INFO|28481|36999.71689202341
2019-03-15 18:06:13,971|INFO|28481|Done 12; score:
2019-03-15 18:06:13,971|INFO|28481|36999.71689202341
2019-03-15 18:06:14,147|INFO|28481|Working 24
2019-03-15 18:06:14,324|INFO|28481|St base: 44822.00, St addl: 2253.65, S conflict: 0.00, T conflict: 0.00, Per spread: -10780.00, Sec penalty: 0.00
2019-03-15 18:06:14,324|INFO|28481|44822
2019-03-15 18:06:14,324|INFO|28481|36295.65249310914
2019-03-15 18:06:14,471|INFO|28481|Done 13; score:
2019-03-15 18:06:14,471|INFO|28481|36295.65249310914
2019-03-15 18:06:14,579|INFO|28481|St base: 44250.00, St addl: 2145.57, S conflict: 0.00, T conflict: 0.00, Per spread: -10440.00, Sec penalty: 0.00
2019-03-15 18:06:14,580|INFO|28481|44250
2019-03-15 18:06:14,580|INFO|28481|35955.57044773148
2019-03-15 18:06:14,664|INFO|28481|Working 25
2019-03-15 18:06:14,723|INFO|28481|Done 16; score:
2019-03-15 18:06:14,723|INFO|28481|35955.57044773148
2019-03-15 18:06:14,848|INFO|28481|St base: 45146.00, St addl: 2178.99, S conflict: 0.00, T conflict: 0.00, Per spread: -10590.00, Sec penalty: 0.00
2019-03-15 18:06:14,848|INFO|28481|45146
2019-03-15 18:06:14,848|INFO|28481|36734.98630246798
2019-03-15 18:06:14,955|INFO|28481|Working 26
2019-03-15 18:06:15,008|INFO|28481|Done 15; score:
2019-03-15 18:06:15,008|INFO|28481|36734.98630246798
2019-03-15 18:06:15,205|INFO|28481|Working 27
2019-03-15 18:06:15,212|INFO|28481|St base: 44980.00, St addl: 2236.62, S conflict: 0.00, T conflict: 0.00, Per spread: -10440.00, Sec penalty: 0.00
2019-03-15 18:06:15,212|INFO|28481|44980
2019-03-15 18:06:15,212|INFO|28481|36776.61759290249
2019-03-15 18:06:15,373|INFO|28481|Done 18; score:
2019-03-15 18:06:15,373|INFO|28481|36776.61759290249
2019-03-15 18:06:15,553|INFO|28481|St base: 44744.00, St addl: 2251.20, S conflict: 0.00, T conflict: 0.00, Per spread: -10630.00, Sec penalty: 0.00
2019-03-15 18:06:15,553|INFO|28481|44744
2019-03-15 18:06:15,553|INFO|28481|36365.20344405812
2019-03-15 18:06:15,559|INFO|28481|Working 28
2019-03-15 18:06:15,700|INFO|28481|Done 20; score:
2019-03-15 18:06:15,701|INFO|28481|36365.20344405812
2019-03-15 18:06:15,929|INFO|28481|Working 29
2019-03-15 18:06:15,968|INFO|28481|St base: 44964.00, St addl: 2256.46, S conflict: 0.00, T conflict: 0.00, Per spread: -11150.00, Sec penalty: 0.00
2019-03-15 18:06:15,969|INFO|28481|44964
2019-03-15 18:06:15,969|INFO|28481|36070.46437364918
2019-03-15 18:06:15,987|INFO|28481|St base: 44586.00, St addl: 2181.70, S conflict: 0.00, T conflict: 0.00, Per spread: -10450.00, Sec penalty: 0.00
2019-03-15 18:06:15,987|INFO|28481|44586
2019-03-15 18:06:15,987|INFO|28481|36317.703882954345
2019-03-15 18:06:16,130|INFO|28481|Done 17; score:
2019-03-15 18:06:16,130|INFO|28481|36070.46437364918
2019-03-15 18:06:16,135|INFO|28481|Done 21; score:
2019-03-15 18:06:16,135|INFO|28481|36317.703882954345
2019-03-15 18:06:16,354|INFO|28481|Working 30
2019-03-15 18:06:16,436|INFO|28481|Working 31
2019-03-15 18:06:16,470|INFO|28481|St base: 44756.00, St addl: 2238.28, S conflict: 0.00, T conflict: 0.00, Per spread: -10880.00, Sec penalty: 0.00
2019-03-15 18:06:16,470|INFO|28481|44756
2019-03-15 18:06:16,470|INFO|28481|36114.27753477002
2019-03-15 18:06:16,622|INFO|28481|Done 22; score:
2019-03-15 18:06:16,623|INFO|28481|36114.27753477002
2019-03-15 18:06:16,721|INFO|28481|St base: 44272.00, St addl: 2214.68, S conflict: 0.00, T conflict: 0.00, Per spread: -11130.00, Sec penalty: 0.00
2019-03-15 18:06:16,721|INFO|28481|44272
2019-03-15 18:06:16,721|INFO|28481|35356.6811105966
2019-03-15 18:06:16,818|INFO|28481|Working 32
2019-03-15 18:06:16,874|INFO|28481|Done 23; score:
2019-03-15 18:06:16,874|INFO|28481|35356.6811105966
2019-03-15 18:06:17,077|INFO|28481|Working 33
2019-03-15 18:06:18,023|INFO|28481|St base: 44394.00, St addl: 2189.86, S conflict: 0.00, T conflict: 0.00, Per spread: -10770.00, Sec penalty: 0.00
2019-03-15 18:06:18,023|INFO|28481|44394
2019-03-15 18:06:18,023|INFO|28481|35813.86043856904
2019-03-15 18:06:18,190|INFO|28481|Done 19; score:
2019-03-15 18:06:18,190|INFO|28481|35813.86043856904
2019-03-15 18:06:18,389|INFO|28481|Working 34
2019-03-15 18:06:27,451|INFO|28481|St base: 44716.00, St addl: 2189.16, S conflict: 0.00, T conflict: 0.00, Per spread: -11260.00, Sec penalty: 0.00
2019-03-15 18:06:27,451|INFO|28481|44716
2019-03-15 18:06:27,451|INFO|28481|35645.157371924106
2019-03-15 18:06:27,602|INFO|28481|Done 24; score:
2019-03-15 18:06:27,602|INFO|28481|35645.157371924106
2019-03-15 18:06:27,893|INFO|28481|Working 35
2019-03-15 18:06:28,334|INFO|28481|St base: 44398.00, St addl: 2279.05, S conflict: 0.00, T conflict: 0.00, Per spread: -11160.00, Sec penalty: 0.00
2019-03-15 18:06:28,334|INFO|28481|44398
2019-03-15 18:06:28,334|INFO|28481|35517.04953366532
2019-03-15 18:06:28,344|INFO|28481|St base: 44728.00, St addl: 2193.72, S conflict: 0.00, T conflict: 0.00, Per spread: -10530.00, Sec penalty: 0.00
2019-03-15 18:06:28,344|INFO|28481|44728
2019-03-15 18:06:28,344|INFO|28481|36391.719480346845
2019-03-15 18:06:28,483|INFO|28481|Done 25; score:
2019-03-15 18:06:28,483|INFO|28481|35517.04953366532
2019-03-15 18:06:28,492|INFO|28481|Done 26; score:
2019-03-15 18:06:28,492|INFO|28481|36391.719480346845
2019-03-15 18:06:28,919|INFO|28481|St base: 44734.00, St addl: 2221.34, S conflict: 0.00, T conflict: 0.00, Per spread: -10770.00, Sec penalty: 0.00
2019-03-15 18:06:28,919|INFO|28481|44734
2019-03-15 18:06:28,919|INFO|28481|36185.3390731269
2019-03-15 18:06:28,950|INFO|28481|St base: 44698.00, St addl: 2214.12, S conflict: 0.00, T conflict: 0.00, Per spread: -10110.00, Sec penalty: 0.00
2019-03-15 18:06:28,950|INFO|28481|44698
2019-03-15 18:06:28,950|INFO|28481|36802.11585628824
2019-03-15 18:06:29,069|INFO|28481|Done 29; score:
2019-03-15 18:06:29,069|INFO|28481|36185.3390731269
2019-03-15 18:06:29,101|INFO|28481|Done 28; score:
2019-03-15 18:06:29,101|INFO|28481|36802.11585628824
2019-03-15 18:06:29,143|INFO|28481|St base: 45098.00, St addl: 2199.56, S conflict: 0.00, T conflict: 0.00, Per spread: -10190.00, Sec penalty: 0.00
2019-03-15 18:06:29,144|INFO|28481|45098
2019-03-15 18:06:29,144|INFO|28481|37107.56263218485
2019-03-15 18:06:29,216|INFO|28481|St base: 44914.00, St addl: 2223.73, S conflict: 0.00, T conflict: 0.00, Per spread: -10560.00, Sec penalty: 0.00
2019-03-15 18:06:29,216|INFO|28481|44914
2019-03-15 18:06:29,216|INFO|28481|36577.73421557518
2019-03-15 18:06:29,292|INFO|28481|Done 30; score:
2019-03-15 18:06:29,292|INFO|28481|37107.56263218485
2019-03-15 18:06:29,361|INFO|28481|Done 27; score:
2019-03-15 18:06:29,361|INFO|28481|36577.73421557518
2019-03-15 18:06:29,408|INFO|28481|St base: 44634.00, St addl: 2237.86, S conflict: 0.00, T conflict: 0.00, Per spread: -10360.00, Sec penalty: 0.00
2019-03-15 18:06:29,409|INFO|28481|44634
2019-03-15 18:06:29,409|INFO|28481|36511.857366162236
2019-03-15 18:06:29,554|INFO|28481|Done 32; score:
2019-03-15 18:06:29,554|INFO|28481|36511.857366162236
2019-03-15 18:06:30,727|INFO|28481|St base: 44768.00, St addl: 2190.08, S conflict: 0.00, T conflict: 0.00, Per spread: -10190.00, Sec penalty: 0.00
2019-03-15 18:06:30,728|INFO|28481|44768
2019-03-15 18:06:30,728|INFO|28481|36768.0782961299
2019-03-15 18:06:30,869|INFO|28481|Done 33; score:
2019-03-15 18:06:30,869|INFO|28481|36768.0782961299
2019-03-15 18:06:31,030|INFO|28481|St base: 44572.00, St addl: 2259.47, S conflict: 0.00, T conflict: 0.00, Per spread: -10590.00, Sec penalty: 0.00
2019-03-15 18:06:31,030|INFO|28481|44572
2019-03-15 18:06:31,031|INFO|28481|36241.47240576789
2019-03-15 18:06:31,181|INFO|28481|Done 34; score:
2019-03-15 18:06:31,181|INFO|28481|36241.47240576789
2019-03-15 18:06:31,625|INFO|28481|St base: 44866.00, St addl: 2184.50, S conflict: 0.00, T conflict: 0.00, Per spread: -10380.00, Sec penalty: 0.00
2019-03-15 18:06:31,626|INFO|28481|44866
2019-03-15 18:06:31,626|INFO|28481|36670.502819375935
2019-03-15 18:06:31,774|INFO|28481|Done 31; score:
2019-03-15 18:06:31,775|INFO|28481|36670.502819375935
2019-03-15 18:06:32,938|INFO|28481|Teacher RSchgall has unresolveable conflicts. Exiting operation.
2019-03-15 18:06:33,021|ERROR|28481|multiprocessing.pool
2019-03-15 18:06:33,022|ERROR|28481|.
2019-03-15 18:06:33,022|ERROR|28481|RemoteTraceback
2019-03-15 18:06:33,022|ERROR|28481|:
2019-03-15 18:06:33,022|ERROR|28481|"""
Traceback (most recent call last):
  File "/usr/lib/python3.5/multiprocessing/pool.py", line 119, in worker
    result = (True, func(*args, **kwds))
  File "/usr/lib/python3.5/multiprocessing/pool.py", line 44, in mapstar
    return list(map(*args))
  File "/web/projects/schedule/back_end/genetic_algorithm.py", line 715, in multi_improve_sched
    sched.remove_teacher_conflicts()
  File "/web/projects/schedule/back_end/genetic_algorithm.py", line 421, in remove_teacher_conflicts
    raise ValueError
ValueError
"""
2019-03-15 18:06:33,022|ERROR|28481|The above exception was the direct cause of the following exception:
2019-03-15 18:06:33,022|ERROR|28481|Traceback (most recent call last):
2019-03-15 18:06:33,022|ERROR|28481|File "back_end/run_schedule.py", line 73, in <module>
2019-03-15 18:06:33,023|ERROR|28481|main()
2019-03-15 18:06:33,023|ERROR|28481|File "back_end/run_schedule.py", line 69, in main
2019-03-15 18:06:33,023|ERROR|28481|run_scheduler(save=None)#"2019_02_25__19_27_42")#"2019_02_22__18_12_46")#"2019_01_16__20_53_43")
2019-03-15 18:06:33,023|ERROR|28481|File "back_end/run_schedule.py", line 65, in run_scheduler
2019-03-15 18:06:33,024|ERROR|28481|solver.solve(verbose=0, print_every=1)
2019-03-15 18:06:33,024|ERROR|28481|File "/web/projects/schedule/back_end/genetic_algorithm.py", line 759, in solve
2019-03-15 18:06:33,025|ERROR|28481|self.current_sched=self.improve_sched(10,5,3*self.num_processes,self.current_sched)
2019-03-15 18:06:33,025|ERROR|28481|File "/web/projects/schedule/back_end/genetic_algorithm.py", line 789, in improve_sched
2019-03-15 18:06:33,025|ERROR|28481|sched_info = self.pool.map(multi_improve_sched, starting_scheds)
2019-03-15 18:06:33,025|ERROR|28481|File "/usr/lib/python3.5/multiprocessing/pool.py", line 260, in map
2019-03-15 18:06:33,026|ERROR|28481|return self._map_async(func, iterable, mapstar, chunksize).get()
2019-03-15 18:06:33,026|ERROR|28481|File "/usr/lib/python3.5/multiprocessing/pool.py", line 608, in get
2019-03-15 18:06:33,027|ERROR|28481|raise self._value
2019-03-15 18:06:33,027|ERROR|28481|ValueError
